// Jest Snapshot v1, https://goo.gl/fbAQLP

exports[`rendering renders as expected 1`] = `
<div>
  <a
    class="ewd5hji0 css-15j1a9z-HL"
    href="/test"
  >
    Hey!
  </a>
</div>
`;
